node.exe : FAIL 
tests/proxy.test.js
At C:\Program Files\no
dejs\npx.ps1:29 char:3
+   & $NODE_EXE 
$NPX_CLI_JS $args
+   ~~~~~~~~~~~~~~~~~~
~~~~~~~~~~~
    + CategoryInfo    
          : NotSpeci  
  fied: (FAIL tests   
 /proxy.test.js:St    
ring) [], RemoteE    
xception
    + FullyQualifiedE 
   rrorId : NativeCo  
  mmandError
 
  ΓùÅ Console

    console.log
      [dotenv@17.3.1] 
injecting env (3) 
from .env.test -- 
tip: ΓÜÖ∩╕Å  load 
multiple .env files 
with { path: 
['.env.local', 
'.env'] }

      at _log (node_mo
dules/dotenv/lib/main.
js:139:11)

    console.log
      [dotenv@17.3.1] 
injecting env (1) 
from .env -- tip: 
≡ƒöÉ prevent building 
.env in docker: https:
//dotenvx.com/prebuild

      at _log (node_mo
dules/dotenv/lib/main.
js:139:11)

  ΓùÅ Proxy Routing & 
Header Injection ΓÇ║ 
should strip prefix 
and inject identity 
headers before 
proxying

    listen 
EADDRINUSE: address 
already in use :::4002

    [0m [90m 19 
|[39m       res[33m.
[39mstatus([35m200[
39m)[33m.[39mjson({ 
success[33m:[39m 
[36mtrue[39m 
})[33m;[39m
     [90m 20 |[39m  
   })[33m;[39m
    [31m[1m>[22m[3
9m[90m 21 |[39m     
mockServer 
[33m=[39m mockApp[3
3m.[39mlisten([35m40
02[39m[33m,[39m 
done)[33m;[39m
     [90m    |[39m  
                      
  [31m[1m^[22m[39m
     [90m 22 |[39m  
 })[33m;[39m
     [90m 23 |[39m
     [90m 24 |[39m  
 afterAll((done) 
[33m=>[39m {[0m

      at 
Function.listen (node_
modules/express/lib/ap
plication.js:605:24)
      at 
Object.listen (tests/p
roxy.test.js:21:26)


  ΓùÅ Test suite 
failed to run

    Server is not 
running.


FAIL 
tests/auth.test.js
  ΓùÅ Console

    console.log
      [dotenv@17.3.1] 
injecting env (3) 
from .env.test -- 
tip: ΓÜí∩╕Å secrets 
for agents: https://do
tenvx.com/as2

      at _log (node_mo
dules/dotenv/lib/main.
js:139:11)

    console.log
      [dotenv@17.3.1] 
injecting env (1) 
from .env -- tip: 
≡ƒöÉ prevent building 
.env in docker: https:
//dotenvx.com/prebuild

      at _log (node_mo
dules/dotenv/lib/main.
js:139:11)

  ΓùÅ JWT 
Authentication 
Middleware ΓÇ║ should 
return 401 if no 
token is provided

    listen 
EADDRINUSE: address 
already in use :::4002

    [0m [90m 12 
|[39m     
[36mconst[39m 
mockApp [33m=[39m 
express()[33m;[39m
     [90m 13 |[39m  
   mockApp[33m.[39mu
se((req[33m,[39m 
res) [33m=>[39m res
[33m.[39mstatus([35m
200[39m)[33m.[39mjs
on({ 
success[33m:[39m 
[36mtrue[39m 
}))[33m;[39m
    [31m[1m>[22m[3
9m[90m 14 |[39m     
mockServer 
[33m=[39m mockApp[3
3m.[39mlisten([35m40
02[39m[33m,[39m 
done)[33m;[39m
     [90m    |[39m  
                      
  [31m[1m^[22m[39m
     [90m 15 |[39m  
 })[33m;[39m
     [90m 16 |[39m
     [90m 17 |[39m  
 afterAll((done) 
[33m=>[39m {[0m

      at 
Function.listen (node_
modules/express/lib/ap
plication.js:605:24)
      at 
Object.listen (tests/a
uth.test.js:14:26)

  ΓùÅ JWT 
Authentication 
Middleware ΓÇ║ should 
return 401 if token 
is malformed

    listen 
EADDRINUSE: address 
already in use :::4002

    [0m [90m 12 
|[39m     
[36mconst[39m 
mockApp [33m=[39m 
express()[33m;[39m
     [90m 13 |[39m  
   mockApp[33m.[39mu
se((req[33m,[39m 
res) [33m=>[39m res
[33m.[39mstatus([35m
200[39m)[33m.[39mjs
on({ 
success[33m:[39m 
[36mtrue[39m 
}))[33m;[39m
    [31m[1m>[22m[3
9m[90m 14 |[39m     
mockServer 
[33m=[39m mockApp[3
3m.[39mlisten([35m40
02[39m[33m,[39m 
done)[33m;[39m
     [90m    |[39m  
                      
  [31m[1m^[22m[39m
     [90m 15 |[39m  
 })[33m;[39m
     [90m 16 |[39m
     [90m 17 |[39m  
 afterAll((done) 
[33m=>[39m {[0m

      at 
Function.listen (node_
modules/express/lib/ap
plication.js:605:24)
      at 
Object.listen (tests/a
uth.test.js:14:26)

  ΓùÅ JWT 
Authentication 
Middleware ΓÇ║ should 
return 401/403 if 
token is signed with 
wrong secret

    listen 
EADDRINUSE: address 
already in use :::4002

    [0m [90m 12 
|[39m     
[36mconst[39m 
mockApp [33m=[39m 
express()[33m;[39m
     [90m 13 |[39m  
   mockApp[33m.[39mu
se((req[33m,[39m 
res) [33m=>[39m res
[33m.[39mstatus([35m
200[39m)[33m.[39mjs
on({ 
success[33m:[39m 
[36mtrue[39m 
}))[33m;[39m
    [31m[1m>[22m[3
9m[90m 14 |[39m     
mockServer 
[33m=[39m mockApp[3
3m.[39mlisten([35m40
02[39m[33m,[39m 
done)[33m;[39m
     [90m    |[39m  
                      
  [31m[1m^[22m[39m
     [90m 15 |[39m  
 })[33m;[39m
     [90m 16 |[39m
     [90m 17 |[39m  
 afterAll((done) 
[33m=>[39m {[0m

      at 
Function.listen (node_
modules/express/lib/ap
plication.js:605:24)
      at 
Object.listen (tests/a
uth.test.js:14:26)

  ΓùÅ JWT 
Authentication 
Middleware ΓÇ║ should 
return 401/403 if 
token is expired

    listen 
EADDRINUSE: address 
already in use :::4002

    [0m [90m 12 
|[39m     
[36mconst[39m 
mockApp [33m=[39m 
express()[33m;[39m
     [90m 13 |[39m  
   mockApp[33m.[39mu
se((req[33m,[39m 
res) [33m=>[39m res
[33m.[39mstatus([35m
200[39m)[33m.[39mjs
on({ 
success[33m:[39m 
[36mtrue[39m 
}))[33m;[39m
    [31m[1m>[22m[3
9m[90m 14 |[39m     
mockServer 
[33m=[39m mockApp[3
3m.[39mlisten([35m40
02[39m[33m,[39m 
done)[33m;[39m
     [90m    |[39m  
                      
  [31m[1m^[22m[39m
     [90m 15 |[39m  
 })[33m;[39m
     [90m 16 |[39m
     [90m 17 |[39m  
 afterAll((done) 
[33m=>[39m {[0m

      at 
Function.listen (node_
modules/express/lib/ap
plication.js:605:24)
      at 
Object.listen (tests/a
uth.test.js:14:26)

  ΓùÅ JWT 
Authentication 
Middleware ΓÇ║ should 
proxy through and 
return 200 with valid 
token

    listen 
EADDRINUSE: address 
already in use :::4002

    [0m [90m 12 
|[39m     
[36mconst[39m 
mockApp [33m=[39m 
express()[33m;[39m
     [90m 13 |[39m  
   mockApp[33m.[39mu
se((req[33m,[39m 
res) [33m=>[39m res
[33m.[39mstatus([35m
200[39m)[33m.[39mjs
on({ 
success[33m:[39m 
[36mtrue[39m 
}))[33m;[39m
    [31m[1m>[22m[3
9m[90m 14 |[39m     
mockServer 
[33m=[39m mockApp[3
3m.[39mlisten([35m40
02[39m[33m,[39m 
done)[33m;[39m
     [90m    |[39m  
                      
  [31m[1m^[22m[39m
     [90m 15 |[39m  
 })[33m;[39m
     [90m 16 |[39m
     [90m 17 |[39m  
 afterAll((done) 
[33m=>[39m {[0m

      at 
Function.listen (node_
modules/express/lib/ap
plication.js:605:24)
      at 
Object.listen (tests/a
uth.test.js:14:26)


  ΓùÅ Test suite 
failed to run

    Server is not 
running.


FAIL 
tests/rbac.test.js
  ΓùÅ Console

    console.log
      [dotenv@17.3.1] 
injecting env (3) 
from .env.test -- 
tip: ≡ƒ¢á∩╕Å  run 
anywhere with 
`dotenvx run -- 
yourcommand`

      at _log (node_mo
dules/dotenv/lib/main.
js:139:11)

    console.log
      [dotenv@17.3.1] 
injecting env (1) 
from .env -- tip: 
ΓÜí∩╕Å secrets for 
agents: https://dotenv
x.com/as2

      at _log (node_mo
dules/dotenv/lib/main.
js:139:11)

  ΓùÅ Role-Based 
Access Control (RBAC) 
ΓÇ║ should return 401 
if no token is 
provided on admin 
route

    listen 
EADDRINUSE: address 
already in use :::4003

    [0m [90m 12 
|[39m     
[36mconst[39m 
mockApp [33m=[39m 
express()[33m;[39m
     [90m 13 |[39m  
   mockApp[33m.[39mu
se((req[33m,[39m 
res) [33m=>[39m res
[33m.[39mstatus([35m
200[39m)[33m.[39mjs
on({ 
success[33m:[39m 
[36mtrue[39m 
}))[33m;[39m
    [31m[1m>[22m[3
9m[90m 14 |[39m     
mockServer 
[33m=[39m mockApp[3
3m.[39mlisten([35m40
03[39m[33m,[39m 
done)[33m;[39m
     [90m    |[39m  
                      
  [31m[1m^[22m[39m
     [90m 15 |[39m  
 })[33m;[39m
     [90m 16 |[39m
     [90m 17 |[39m  
 afterAll((done) 
[33m=>[39m {[0m

      at 
Function.listen (node_
modules/express/lib/ap
plication.js:605:24)
      at 
Object.listen (tests/r
bac.test.js:14:26)

  ΓùÅ Role-Based 
Access Control (RBAC) 
ΓÇ║ should return 403 
if valid token does 
not have admin role

    listen 
EADDRINUSE: address 
already in use :::4003

    [0m [90m 12 
|[39m     
[36mconst[39m 
mockApp [33m=[39m 
express()[33m;[39m
     [90m 13 |[39m  
   mockApp[33m.[39mu
se((req[33m,[39m 
res) [33m=>[39m res
[33m.[39mstatus([35m
200[39m)[33m.[39mjs
on({ 
success[33m:[39m 
[36mtrue[39m 
}))[33m;[39m
    [31m[1m>[22m[3
9m[90m 14 |[39m     
mockServer 
[33m=[39m mockApp[3
3m.[39mlisten([35m40
03[39m[33m,[39m 
done)[33m;[39m
     [90m    |[39m  
                      
  [31m[1m^[22m[39m
     [90m 15 |[39m  
 })[33m;[39m
     [90m 16 |[39m
     [90m 17 |[39m  
 afterAll((done) 
[33m=>[39m {[0m

      at 
Function.listen (node_
modules/express/lib/ap
plication.js:605:24)
      at 
Object.listen (tests/r
bac.test.js:14:26)

  ΓùÅ Role-Based 
Access Control (RBAC) 
ΓÇ║ should proxy 
through and return 
200 if valid token 
has admin role

    listen 
EADDRINUSE: address 
already in use :::4003

    [0m [90m 12 
|[39m     
[36mconst[39m 
mockApp [33m=[39m 
express()[33m;[39m
     [90m 13 |[39m  
   mockApp[33m.[39mu
se((req[33m,[39m 
res) [33m=>[39m res
[33m.[39mstatus([35m
200[39m)[33m.[39mjs
on({ 
success[33m:[39m 
[36mtrue[39m 
}))[33m;[39m
    [31m[1m>[22m[3
9m[90m 14 |[39m     
mockServer 
[33m=[39m mockApp[3
3m.[39mlisten([35m40
03[39m[33m,[39m 
done)[33m;[39m
     [90m    |[39m  
                      
  [31m[1m^[22m[39m
     [90m 15 |[39m  
 })[33m;[39m
     [90m 16 |[39m
     [90m 17 |[39m  
 afterAll((done) 
[33m=>[39m {[0m

      at 
Function.listen (node_
modules/express/lib/ap
plication.js:605:24)
      at 
Object.listen (tests/r
bac.test.js:14:26)


  ΓùÅ Test suite 
failed to run

    Server is not 
running.


FAIL tests/errorHandle
r.test.js
  ΓùÅ Console

    console.log
      [dotenv@17.3.1] 
injecting env (3) 
from .env.test -- 
tip: ΓÜÖ∩╕Å  load 
multiple .env files 
with { path: 
['.env.local', 
'.env'] }

      at _log (node_mo
dules/dotenv/lib/main.
js:139:11)

    console.log
      [dotenv@17.3.1] 
injecting env (1) 
from .env -- tip: 
≡ƒ¢á∩╕Å  run anywhere 
with `dotenvx run -- 
yourcommand`

      at _log (node_mo
dules/dotenv/lib/main.
js:139:11)

  ΓùÅ Global Error 
Handler Middleware 
ΓÇ║ should return 500 
with JSON body and no 
stack trace for 
runtime errors (in 
non-dev env)

    expect(received).t
oHaveProperty(path)

    Expected path: 
"error"
    Received path: []

    Received value: {}

    [0m [90m 29 
|[39m     
     [90m 30 |[39m  
   expect(res[33m.[3
9mstatus)[33m.[39mto
Be([35m500[39m)[33m
;[39m
    [31m[1m>[22m[3
9m[90m 31 |[39m     
expect(res[33m.[39mb
ody)[33m.[39mtoHaveP
roperty([32m'error'[
39m)[33m;[39m
     [90m    |[39m  
                    
[31m[1m^[22m[39m
     [90m 32 |[39m  
   expect(res[33m.[3
9mbody[33m.[39merror
[33m.[39mmessage)[3
3m.[39mtoBe([32m'Int
entional Test Error'[
39m)[33m;[39m
     [90m 33 |[39m  
   expect(res[33m.[3
9mbody[33m.[39merror
)[33m.[39mnot[33m.
[39mtoHaveProperty([3
2m'stack'[39m)[33m;
[39m
     [90m 34 |[39m  
   expect(res[33m.[3
9mheaders[[32m'conten
t-type'[39m])[33m.[
39mtoMatch([35m/json/
[39m)[33m;[39m[0m

      at 
Object.toHaveProperty 
(tests/errorHandler.te
st.js:31:22)

Test Suites: 4 
failed, 4 total
Tests:       10 
failed, 1 passed, 11 
total
Snapshots:   0 total
Time:        1.745 s, 
estimated 2 s
Ran all test suites.
